// Jest Snapshot v1, https://goo.gl/fbAQLP

exports[`FilterBar Should render FilterBar 1`] = `undefined`;
