// Jest Snapshot v1, https://goo.gl/fbAQLP

exports[`App Should render App 1`] = `undefined`;
